select '(1,1,1,1)'::point4d = '(1,1,1,1)'::point4d;
 ?column? 
----------
 t
(1 row)

select '(1,1,1,1)'::point4d = '(2,2,2,2)'::point4d;
 ?column? 
----------
 f
(1 row)

select '(1,1,1,1)'::point4d = '(+1,+1,+1,+1)'::point4d;
 ?column? 
----------
 t
(1 row)

select '(1,1,1,1)'::point4d = '(2,1,1,1)'::point4d;
 ?column? 
----------
 f
(1 row)

select '(1,1,1,1)'::point4d = '(1,2,1,1)'::point4d;
 ?column? 
----------
 f
(1 row)

select '(1,1,1,1)'::point4d = '(1,1,2,1)'::point4d;
 ?column? 
----------
 f
(1 row)

select '(1,1,1,1)'::point4d = '(1,1,1,2)'::point4d;
 ?column? 
----------
 f
(1 row)

select '(1,1,1,1)'::point4d <> '(1,1,1,1)'::point4d;
 ?column? 
----------
 f
(1 row)

select '(1,1,1,1)'::point4d <> '(2,2,2,2)'::point4d;
 ?column? 
----------
 t
(1 row)

select '(1,1,1,1)'::point4d <> '(2,1,1,1)'::point4d;
 ?column? 
----------
 t
(1 row)

select '(1,1,1,1)'::point4d <> '(1,2,1,1)'::point4d;
 ?column? 
----------
 t
(1 row)

select '(1,1,1,1)'::point4d <> '(1,1,2,1)'::point4d;
 ?column? 
----------
 t
(1 row)

select '(1,1,1,1)'::point4d <> '(1,1,1,2)'::point4d;
 ?column? 
----------
 t
(1 row)

select '(1,2,3,4)'::point4d  + '(5,6,7,8)'::point4d = '(6,8,10,12)'::point4d;
 ?column? 
----------
 t
(1 row)

