select circle4d '((0,0,0,0), 1)';
   circle4d    
---------------
 ((0,0,0,0),1)
(1 row)

select circle4d '((0,1,2,3), 2)';
   circle4d    
---------------
 ((0,1,2,3),2)
(1 row)

select circle4d '((0,0,0,0), -0.8)';
    circle4d     
-----------------
 ((0,0,0,0),0.8)
(1 row)

select point4d '(0,0,0,0)' <@ circle4d '((0,0,0,0), 1)';
 ?column? 
----------
 t
(1 row)

select point4d '(0,1,1,0)' <@ circle4d '((0,0,0,0), 1)';
 ?column? 
----------
 f
(1 row)

select point4d '(0,0,1,0)' <@ circle4d '((0,0,0,0), 1)';
 ?column? 
----------
 t
(1 row)

select point4d '(0.707,0.707,0,0)' <@ circle4d '((0,0,0,0), 1)';
 ?column? 
----------
 t
(1 row)

select point4d '(0.708,0.708,0,0)' <@ circle4d '((0,0,0,0), 1)';
 ?column? 
----------
 f
(1 row)

select circle4d('(0,0,0,0)', 1);
   circle4d    
---------------
 ((0,0,0,0),1)
(1 row)

select circle4d('(0,0,0,0)', -23.9);
     circle4d     
------------------
 ((0,0,0,0),23.9)
(1 row)

